// Jest Snapshot v1, https://goo.gl/fbAQLP

exports[`YouTubeWidget.vue should match snapshot 1`] = `
<div class="youtube-widget">
  <div class="youtube-widget__header">
    <div class="youtube-widget__info"><img src="avatar-url" alt="" class="youtube-widget__logo">
      <div class="youtube-widget__data">
        <h2 class="youtube-widget__title">NASA</h2>
        <div class="youtube-widget__subscribers-count">100 подписчиков</div>
      </div>
    </div> <a href="http://www.youtube.com/channel/UCLA_DiR1FfKNvjuUpBHmylQ?sub_confirmation=1" class="youtube-widget__subscribe-btn">Подписаться</a>
  </div>
  <div class="youtube-widget__inner"><iframe src="https://www.youtube.com/embed/1" frameborder="0" allow="accelerometer; autoplay; clipboard-write; encrypted-media; gyroscope; picture-in-picture" allowfullscreen="allowfullscreen"></iframe><iframe src="https://www.youtube.com/embed/1" frameborder="0" allow="accelerometer; autoplay; clipboard-write; encrypted-media; gyroscope; picture-in-picture" allowfullscreen="allowfullscreen"></iframe></div> <button class="youtube-widget__load-more-btn">Загрузить еще</button>
</div>
`;
